I'm sorry, but errors were detected in your script. Please correct the
errors listed below, and try again.


File "game/script.rpy", line 17: Line is indented, but the preceding stop music statement statement does not expect a block. Please check this line's indentation. You may have forgotten a colon (:).
    scene bg room
    ^

Ren'Py Version: Ren'Py 8.1.3.23091805
Sat Nov 11 15:59:09 2023
